ca65 V2.19 - Git 7979f8a41
Main file   : sector-6502.s
Current file: sector-6502.s

000000r 1               
000000r 1               ;----------------------------------------------------------------------
000000r 1               ;   MilliForth for 6502
000000r 1               ;
000000r 1               ;   original for the 6502, by Alvaro G. S. Barcellos, 2023
000000r 1               ;
000000r 1               ;   https://github.com/agsb
000000r 1               ;   see the disclaimer file in this repo for more information.
000000r 1               ;
000000r 1               ;   SectorForth wnd MilliForth was made for x86 arch
000000r 1               ;   and uses full 16-bit registers
000000r 1               ;
000000r 1               ;   The way at 6502 is use a page zero and lots of lda/sta bytes
000000r 1               ;   Focus in size not performance.
000000r 1               ;
000000r 1               ;   Changes:
000000r 1               ;   data and return stacks and tib are 256 bytes
000000r 1               ;   only immediate flag used as $80, no hide, no compile
000000r 1               ;
000000r 1               ;----------------------------------------------------------------------
000000r 1               ; for ca65
000000r 1               .p02
000000r 1               .feature c_comments
000000r 1               .feature string_escapes
000000r 1               .feature org_per_seg
000000r 1               .feature dollar_is_pc
000000r 1               .feature pc_assignment
000000r 1               
000000r 1               ;---------------------------------------------------------------------
000000r 1               ; label for primitives
000000r 1               .macro makelabel arg1, arg2
000000r 1               .ident (.concat (arg1, arg2)):
000000r 1               .endmacro
000000r 1               
000000r 1               H0000 = 0
000000r 1               hcount .set 0
000000r 1               
000000r 1               ; header for primitives
000000r 1               .macro def_word name, label, flag
000000r 1               ;this = *
000000r 1               makelabel "is_", label
000000r 1                   .ident(.sprintf("H%04X", hcount + 1)) = *
000000r 1               	.word .ident (.sprintf ("H%04X", hcount))
000000r 1                   hcount .set hcount + 1
000000r 1                   .byte .strlen(name) + flag + 0
000000r 1                   .byte name
000000r 1               makelabel "", label
000000r 1               .endmacro
000000r 1               
000000r 1               ;----------------------------------------------------------------------
000000r 1               ; alias
000000r 1               CELL   =  2     ; 16 bits
000000r 1               SIZES  = $100
000000r 1               
000000r 1               FLAG_IMM  =  1<<7
000000r 1               
000000r 1               ;----------------------------------------------------------------------
000000r 1               .segment "ZERO"
000000r 1               
000000r 1               * = $E0
0000E0  1  00 00        nil:    .word $0 ; reference, do not touch !
0000E2  1  00 00        lnk:    .word $0 ; link, do not touch !
0000E4  1  00 00        dta:    .word $0 ; holds data stack base,
0000E6  1  00 00        ret:    .word $0 ; holds return stack base,
0000E8  1               
0000E8  1  00 00        tos:    .word $0 ; top
0000EA  1  00 00        nos:    .word $0 ; nos
0000EC  1  00 00        wrk:    .word $0 ; work
0000EE  1               
0000EE  1  00 00        state:  .word $0 ; state
0000F0  1  00 00        toin:   .word $0 ; toin
0000F2  1  00 00        last:   .word $0 ; last link cell
0000F4  1  00 00        here:   .word $0 ; next free cell
0000F6  1               
0000F6  1               ;----------------------------------------------------------------------
0000F6  1               .segment "ONCE"
000000r 1               
000000r 1               ;----------------------------------------------------------------------
000000r 1               .segment "VECTORS"
000000r 1               
000000r 1               ;----------------------------------------------------------------------
000000r 1               .segment "CODE"
000000r 1               
000000r 1               ;---------------------------------------------------------------------
000000r 1               main:
000000r 1               
000000r 1  A9 rr            lda #<semis
000002r 1  85 F2            sta last + 0
000004r 1  A9 rr            lda #>semis
000006r 1  85 F3            sta last + 1
000008r 1               
000008r 1  A9 00            lda #<init
00000Ar 1  85 F4            sta here + 0
00000Cr 1  A9 08            lda #>init
00000Er 1  85 F5            sta here + 1
000010r 1               
000010r 1                   ; that does the trick
000010r 1  A9 E0            lda #<nil
000012r 1  85 E0            sta nil + 0
000014r 1  A9 00            lda #>nil
000016r 1  85 E1            sta nil + 1
000018r 1               
000018r 1               error:
000018r 1               
000018r 1  A9 0D        	lda #13
00001Ar 1  20 rr rr     	jsr putchar
00001Dr 1               
00001Dr 1               quit:
00001Dr 1               
00001Dr 1  A9 rr            lda #<dsb
00001Fr 1  85 E4            sta dta + 0
000021r 1  A9 rr            lda #>dsb
000023r 1  85 E5            sta dta + 1
000025r 1               
000025r 1  A9 rr            lda #<rsb
000027r 1  85 E6            sta ret + 0
000029r 1  A9 rr            lda #>rsb
00002Br 1  85 E7            sta ret + 1
00002Dr 1               
00002Dr 1                   ; clear tib stuff
00002Dr 1  A9 00            lda #0
00002Fr 1  85 F0            sta toin + 0
000031r 1  85 F1            sta toin + 1
000033r 1  8D rr rr         sta tib + 0
000036r 1               
000036r 1                   ; state interpret
000036r 1  A9 01            lda #1
000038r 1  85 EE            sta state + 0
00003Ar 1               
00003Ar 1               find:
00003Ar 1               
00003Ar 1                   ; get a token, (nos)
00003Ar 1  20 rr rr         jsr tok_
00003Dr 1               
00003Dr 1                   ; load last link
00003Dr 1  A9 F2            lda #<last
00003Fr 1  85 EC            sta wrk + 0
000041r 1  A9 00            lda #>last
000043r 1  85 ED            sta wrk + 1
000045r 1               
000045r 1               @loop:
000045r 1               
000045r 1                   ; linked list
000045r 1  A5 EC            lda wrk + 0
000047r 1  85 E8            sta tos + 0
000049r 1  A5 ED            lda wrk + 1
00004Br 1  85 E9            sta tos + 1
00004Dr 1               
00004Dr 1  A2 08            ldx #(tos - nil)
00004Fr 1  A0 0C            ldy #(wrk - nil)
000051r 1  20 rr rr         jsr pull
000054r 1               
000054r 1                   ; verify is zero
000054r 1  A5 EC            lda wrk + 0
000056r 1  05 ED            ora wrk + 1
000058r 1  F0 BE            beq error ; no more words
00005Ar 1               
00005Ar 1                   ; bypass link
00005Ar 1  A2 08            ldx #(tos - nil)
00005Cr 1  20 rr rr         jsr incw
00005Fr 1  20 rr rr         jsr incw
000062r 1               
000062r 1                   ; compare words
000062r 1                   ; must mask the flags
000062r 1  A0 00            ldy #0
000064r 1  B1 E8            lda (tos), y
000066r 1  29 80            and #$80
000068r 1  85 EC            sta wrk + 0
00006Ar 1               
00006Ar 1               @equal:
00006Ar 1  B1 EA            lda (nos), y
00006Cr 1  C9 20            cmp #32
00006Er 1  F0 09            beq @done
000070r 1  F1 E8            sbc (tos), y
000072r 1  29 7F            and #$7F    ; 7-bit ascii
000074r 1  D0 CF            bne @loop
000076r 1  C8               iny
000077r 1  D0 F1            bne @equal
000079r 1               @done:
000079r 1               
000079r 1                   ; update
000079r 1  98               tya
00007Ar 1  A2 08            ldx #(tos - nil)
00007Cr 1  20 rr rr         jsr add2w
00007Fr 1               
00007Fr 1                   ; compile or execute
00007Fr 1  A5 EC            lda wrk + 0     ; immediate ?
000081r 1  D0 07            bne @execw
000083r 1  A5 EE            lda state + 0   ; executing ?
000085r 1  D0 03            bne @execw
000087r 1               
000087r 1  4C rr rr         jmp compile
00008Ar 1               
00008Ar 1               @execw:
00008Ar 1  6C E8 00         jmp (tos)
00008Dr 1               
00008Dr 1               getline_:
00008Dr 1  A0 00            ldy #0
00008Fr 1               
00008Fr 1               @loop:
00008Fr 1  20 rr rr     	jsr getchar
000092r 1                   ;   and #$7F    ; 7-bit ascii
000092r 1  C9 0A        	cmp #10         ; lf ?
000094r 1  F0 06        	beq @ends
000096r 1                   ;	cmp #13     ; cr ?
000096r 1               	;   beq @ends
000096r 1                   ;   cmp #8      ; bs ?
000096r 1                   ;   bne @puts
000096r 1                   ;   dey
000096r 1                   ;   jmp @loop
000096r 1               @puts:
000096r 1  99 rr rr         sta tib, y
000099r 1  C8               iny
00009Ar 1                   ;   cpy #254
00009Ar 1                   ;   beq @ends   ; leave ' \0'
00009Ar 1  D0 F3        	bne @loop
00009Cr 1               @ends:
00009Cr 1                   ; grace ends
00009Cr 1  A9 20            lda #32
00009Er 1  99 rr rr         sta tib, y
0000A1r 1  C8               iny
0000A2r 1  A9 00            lda #0
0000A4r 1  99 rr rr         sta tib, y
0000A7r 1  85 F1            sta toin + 1
0000A9r 1  60               rts
0000AAr 1               
0000AAr 1               try_:
0000AAr 1  B9 rr rr         lda tib, y
0000ADr 1  F0 DE            beq getline_    ; if \0
0000AFr 1  C8               iny
0000B0r 1  C9 20            cmp #32
0000B2r 1  60               rts
0000B3r 1               
0000B3r 1               tok_:
0000B3r 1                   ; last position on tib
0000B3r 1  A4 F1        	ldy toin + 1
0000B5r 1               
0000B5r 1               @skip:
0000B5r 1                   ; skip space
0000B5r 1  20 rr rr         jsr try_
0000B8r 1  F0 FB            beq @skip
0000BAr 1               
0000BAr 1                   ; keep start
0000BAr 1  88               dey
0000BBr 1  84 F0            sty toin + 0
0000BDr 1               
0000BDr 1               @scan:
0000BDr 1                   ; scan space
0000BDr 1  20 rr rr         jsr try_
0000C0r 1  D0 FB            bne @scan
0000C2r 1               
0000C2r 1                   ; keep stop
0000C2r 1  88               dey
0000C3r 1  84 F1            sty toin + 1    ; save position
0000C5r 1               
0000C5r 1                   ; strlen
0000C5r 1  38               sec
0000C6r 1  A5 F1            lda toin + 1
0000C8r 1  E5 F0            sbc toin + 0
0000CAr 1               
0000CAr 1                   ; place strlen
0000CAr 1  A4 F0            ldy toin + 0
0000CCr 1  88               dey
0000CDr 1  84 F0            sty toin + 0
0000CFr 1  99 rr rr         sta tib, y    ; store size ahead
0000D2r 1               
0000D2r 1  84 EA            sty nos + 0
0000D4r 1  A9 rr            lda #>tib
0000D6r 1  85 EB            sta nos + 1
0000D8r 1               
0000D8r 1  60               rts
0000D9r 1               
0000D9r 1               ;---------------------------------------------------------------------
0000D9r 1               
0000D9r 1               ; add a byte to a word in page zero. offset by X
0000D9r 1               add2w:
0000D9r 1  18               clc
0000DAr 1  75 E0            adc nil + 0, x
0000DCr 1  95 E0            sta nil + 0, x
0000DEr 1  90 02            bcc @incc
0000E0r 1  F6 E1            inc nil + 1, x
0000E2r 1               @incc:
0000E2r 1  60               rts
0000E3r 1               
0000E3r 1               ; decrement a word in page zero. offset by X
0000E3r 1               decw:
0000E3r 1  B5 E0            lda nil + 0, x
0000E5r 1  D0 02            bne @none
0000E7r 1  D6 E1            dec nil + 1, x
0000E9r 1               @none:
0000E9r 1  D6 E0            dec nil + 0, x
0000EBr 1  60               rts
0000ECr 1               
0000ECr 1               ; increment a word in page zero, offset by X
0000ECr 1               incw:
0000ECr 1  F6 E0            inc nil + 0, x
0000EEr 1  D0 02            bne @none
0000F0r 1  F6 E1            inc nil + 1, x
0000F2r 1               @none:
0000F2r 1  60               rts
0000F3r 1               
0000F3r 1               ; pull a word
0000F3r 1               ; from a page zero address indexed by X
0000F3r 1               ; into a absolute page zero address indexed by y
0000F3r 1               pull:
0000F3r 1  A1 E0            lda (nil, x)
0000F5r 1  99 E0 00         sta nil + 0, y
0000F8r 1  20 rr rr         jsr incw
0000FBr 1  A1 E0            lda (nil, x)
0000FDr 1  99 E1 00         sta nil + 1, y
000100r 1  4C rr rr         jmp incw
000103r 1               
000103r 1               ; push a word
000103r 1               ; from an absolute page zero address indexed by Y
000103r 1               ; into a page zero address indexed by X
000103r 1               push:
000103r 1  20 rr rr         jsr decw
000106r 1  B9 E1 00         lda nil + 1, y
000109r 1  81 E0            sta (nil, x)
00010Br 1  20 rr rr         jsr decw
00010Er 1  B9 E0 00         lda nil + 0, y
000111r 1  81 E0            sta (nil, x)
000113r 1  60               rts
000114r 1               
000114r 1               ; push into data stack
000114r 1               spush:
000114r 1  A2 04            ldx #(dta - nil)
000116r 1  A0 08            ldy #(tos - nil)
000118r 1  D0 E9            bne push
00011Ar 1               
00011Ar 1               ; pull from data stack
00011Ar 1               spull:
00011Ar 1  A2 04            ldx #(dta - nil)
00011Cr 1  A0 08            ldy #(tos - nil)
00011Er 1  D0 D3            bne pull
000120r 1               
000120r 1               spull2:
000120r 1  20 rr rr         jsr spull
000123r 1               dta2nos:
000123r 1                   ; ldx #(dta - nil)
000123r 1  A0 0A            ldy #(nos - nil)
000125r 1  D0 CC            bne pull
000127r 1               
000127r 1               ; fetch from
000127r 1               ; store into
000127r 1               
000127r 1               ;---------------------------------------------------------------------
000127r 1               ; for lib6502  emulator
000127r 1               getchar:
000127r 1  AD 00 E0         lda $E000
00012Ar 1               
00012Ar 1               putchar:
00012Ar 1  8D 00 E0         sta $E000
00012Dr 1  60               rts
00012Er 1               
00012Er 1               ;---------------------------------------------------------------------
00012Er 1               ; primitives ends with jmp link_
00012Er 1               ;def_word "emit", "emit", 0
00012Er 1               ;def_word "key", "key", 0
00012Er 1               ;---------------------------------------------------------------------
00012Er 1  00 00 01 21  def_word "!", "store", 0
000132r 1               storew:
000132r 1  20 rr rr         jsr spull2
000135r 1  A2 08            ldx #(tos - nil)
000137r 1  A0 0A            ldy #(nos - nil)
000139r 1  20 rr rr         jsr push
00013Cr 1  4C rr rr         jmp link_
00013Fr 1               
00013Fr 1  rr rr 01 40  def_word "@", "fetch", 0
000143r 1               fetchw:
000143r 1  20 rr rr         jsr dta2nos
000146r 1  A2 0A            ldx #(nos - nil)
000148r 1  A0 08            ldy #(tos - nil)
00014Ar 1  20 rr rr         jsr pull
00014Dr 1  4C rr rr         jmp topsh
000150r 1               
000150r 1  rr rr 02 73  def_word "s@", "statevar", 0
000154r 1  40           
000155r 1  A9 EE            lda #<state
000157r 1  85 E8            sta tos + 0
000159r 1  A9 00            lda #>state
00015Br 1               back:
00015Br 1  85 E9            sta tos + 1
00015Dr 1               topsh:
00015Dr 1  20 rr rr         jsr spush
000160r 1  4C rr rr         jmp link_
000163r 1               
000163r 1  rr rr 03 72  def_word "rp@", "rpfetch", 0
000167r 1  70 40        
000169r 1  A5 E6            lda ret + 0
00016Br 1  85 E8            sta tos + 0
00016Dr 1  A5 E7            lda ret + 1
00016Fr 1  4C rr rr         jmp back
000172r 1               
000172r 1  rr rr 03 73  def_word "sp@", "spfetch", 0
000176r 1  70 40        
000178r 1  A5 E4            lda dta + 0
00017Ar 1  85 E8            sta tos + 0
00017Cr 1  A5 E5            lda dta + 1
00017Er 1  4C rr rr         jmp back
000181r 1               
000181r 1  rr rr 01 2B  def_word "+", "plus", 0
000185r 1  20 rr rr         jsr spull2
000188r 1  18               clc
000189r 1  A5 EA            lda nos + 0
00018Br 1  65 E8            adc tos + 0
00018Dr 1  85 E8            sta tos + 0
00018Fr 1  A5 EB            lda nos + 1
000191r 1  65 E9            adc tos + 1
000193r 1  4C rr rr         jmp back
000196r 1               
000196r 1  rr rr 04 6E  def_word "nand", "nand", 0
00019Ar 1  61 6E 64     
00019Dr 1  20 rr rr         jsr spull2
0001A0r 1  A5 EA            lda nos + 0
0001A2r 1  25 E8            and tos + 0
0001A4r 1  49 FF            eor #$FF
0001A6r 1  85 E8            sta tos + 0
0001A8r 1  A5 EB            lda nos + 1
0001AAr 1  25 E9            and tos + 1
0001ACr 1  49 FF            eor #$FF
0001AEr 1  4C rr rr         jmp back
0001B1r 1               
0001B1r 1  rr rr 02 30  def_word "0=", "zeroq", 0
0001B5r 1  3D           
0001B6r 1  20 rr rr         jsr spull
0001B9r 1  A5 E8            lda tos + 0
0001BBr 1  05 E9            ora tos + 1
0001BDr 1  F0 04            beq istrue
0001BFr 1               isfalse:
0001BFr 1  A9 00            lda #$0
0001C1r 1  F0 02            beq rest
0001C3r 1               istrue:
0001C3r 1  A9 FF            lda #$FF
0001C5r 1               rest:
0001C5r 1  85 E8            sta tos + 0
0001C7r 1  4C rr rr         jmp back
0001CAr 1               
0001CAr 1               ;def_word "shr", "shr", 0
0001CAr 1               ;    jsr spull
0001CAr 1               ;    lsr tos + 1
0001CAr 1               ;    ror tos + 0
0001CAr 1               ;    jmp spush
0001CAr 1               
0001CAr 1               ; minimal indirect thread code
0001CAr 1               ; lnk must be preserved, as IP
0001CAr 1               ;
0001CAr 1  rr rr 04 65  def_word "exit", "exit", 0
0001CEr 1  78 69 74     
0001D1r 1               unnest_:
0001D1r 1                   ; pull from return stack
0001D1r 1  A2 06            ldx #(ret - nil)
0001D3r 1  A0 08            ldy #(tos - nil)
0001D5r 1  20 rr rr         jsr pull
0001D8r 1               
0001D8r 1               next_:
0001D8r 1  A2 08            ldx #(tos - nil)
0001DAr 1  A0 02            ldy #(lnk - nil)
0001DCr 1  20 rr rr         jsr pull
0001DFr 1               
0001DFr 1                   ; is a primitive ?
0001DFr 1  A5 E3            lda lnk + 1
0001E1r 1  C9 08            cmp #$08    ; magic high byte of init:
0001E3r 1  90 12            bcc jump_
0001E5r 1               
0001E5r 1               nest_:
0001E5r 1               ; push into return stack
0001E5r 1  A2 06            ldx #(ret - nil)
0001E7r 1  A0 08            ldy #(tos - nil)
0001E9r 1  20 rr rr         jsr push
0001ECr 1               
0001ECr 1               link_:
0001ECr 1  A5 E2            lda lnk + 0
0001EEr 1  85 E8            sta tos + 0
0001F0r 1  A5 E3            lda lnk + 1
0001F2r 1  85 E9            sta tos + 1
0001F4r 1  4C rr rr         jmp next_
0001F7r 1               
0001F7r 1               jump_:
0001F7r 1  A2 06            ldx #(ret - nil)
0001F9r 1  A0 02            ldy #(lnk - nil)
0001FBr 1  20 rr rr         jsr pull
0001FEr 1  6C E8 00         jmp (tos)
000201r 1               
000201r 1  rr rr 01 3A  def_word ":", "colon", 0
000205r 1                   ; save here, for update last later
000205r 1               
000205r 1               ;jsr okey
000205r 1               
000205r 1  A2 04            ldx #(dta - nil)
000207r 1  A0 14            ldy #(here - nil)
000209r 1  20 rr rr         jsr push
00020Cr 1               
00020Cr 1                   ; update the link field with last
00020Cr 1               
00020Cr 1  A2 14            ldx #(here - nil)
00020Er 1  A0 12            ldy #(last - nil)
000210r 1  20 rr rr         jsr push
000213r 1               
000213r 1                   ; get the token, at nos
000213r 1  20 rr rr     	jsr tok_
000216r 1               
000216r 1                   ;copy size and name ????
000216r 1  A0 00            ldy #0
000218r 1               @loop:
000218r 1  B1 EA            lda (nos), y
00021Ar 1  C9 20            cmp #32     ; stops at space
00021Cr 1  F0 05            beq @ends
00021Er 1  91 F4            sta (here), y
000220r 1  C8               iny
000221r 1  D0 F5            bne @loop
000223r 1               @ends:
000223r 1               
000223r 1                   ; update here
000223r 1  98               tya
000224r 1  A2 14            ldx #(here - nil)
000226r 1  20 rr rr         jsr add2w
000229r 1               
000229r 1                   ; update state as 'compile'
000229r 1               
000229r 1  A9 00        	lda #0
00022Br 1  85 EE            sta state + 0
00022Dr 1               
00022Dr 1  4C rr rr         jmp link_
000230r 1               
000230r 1  rr rr 81 3B  def_word ";", "semis", FLAG_IMM
000234r 1               
000234r 1                   ; update last
000234r 1               
000234r 1  A2 04            ldx #(dta - nil)
000236r 1  A0 12            ldy #(last - nil)
000238r 1  20 rr rr         jsr pull
00023Br 1               
00023Br 1                   ; update state as 'interpret'
00023Br 1  A9 01        	lda #1
00023Dr 1  85 EE            sta state + 0
00023Fr 1               
00023Fr 1                   ; compounds ends with pointer to 'unnest'
00023Fr 1  A9 rr            lda #<unnest_
000241r 1  85 E8            sta tos + 0
000243r 1  A9 rr            lda #>unnest_
000245r 1  85 E9            sta tos + 1
000247r 1               
000247r 1               compile:
000247r 1               
000247r 1  A2 14            ldx #(here - nil)
000249r 1  A0 08            ldy #(tos - nil)
00024Br 1  20 rr rr         jsr push
00024Er 1  4C rr rr         jmp link_
000251r 1               
000251r 1               ends:
000251r 1               
000251r 1               .if 0
000251r 1               
000251r 1               erro:
000251r 1                   lda #'?'
000251r 1                   jsr putchar
000251r 1                   lda #'?'
000251r 1                   jsr putchar
000251r 1               	lda #10
000251r 1               	jsr putchar
000251r 1               	lda #13
000251r 1               	jsr putchar
000251r 1                   rts
000251r 1               
000251r 1               okey:
000251r 1                   lda #'O'
000251r 1                   jsr putchar
000251r 1                   lda #'K'
000251r 1                   jsr putchar
000251r 1               	lda #10
000251r 1               	jsr putchar
000251r 1               	lda #13
000251r 1               	jsr putchar
000251r 1                   rts
000251r 1               
000251r 1               .endif
000251r 1               
000251r 1               
000251r 1  xx xx xx xx  .align $100
000255r 1  xx xx xx xx  
000259r 1  xx xx xx xx  
000300r 1               
000300r 1               ; $200 to $2FF terminal input buffer
000300r 1               tib:
000300r 1  00 00 00 00  .res SIZES, $0
000304r 1  00 00 00 00  
000308r 1  00 00 00 00  
000400r 1               
000400r 1               ; $3FF to $300 return stack base, 128w deep
000400r 1  00 00 00 00  .res SIZES, $0
000404r 1  00 00 00 00  
000408r 1  00 00 00 00  
000500r 1               rsb:
000500r 1               
000500r 1               ; $4FF to $400 data stack base, 128w deep
000500r 1  00 00 00 00  .res SIZES, $0
000504r 1  00 00 00 00  
000508r 1  00 00 00 00  
000600r 1               dsb:
000600r 1               
000600r 1               ; for anything above is not a primitive
000600r 1               * = $800
000800  1               init:
000800  1               
000800  1               
